2026-10-01T10:02:31.229007 info [main.cpp 86] Reading A502 result: C:\dev\A502\samples\btac.out
2026-10-01T10:02:31.230006 info [AeroResult.cpp 131] Parsing A502 result file: C:\dev\A502\samples\btac.out
2026-10-01T10:02:31.265602 info [AeroResult.cpp 384] Parsed solutions=1 panels=700 off-body=0 F&M summaries=2
2026-10-01T10:02:31.265602 info [AeroResult.cpp 391] solutions: 1
2026-10-01T10:02:31.265602 info [AeroResult.cpp 392] panel results: 700
2026-10-01T10:02:31.265602 info [AeroResult.cpp 393] off-body points: 0
2026-10-01T10:02:31.265602 info [AeroResult.cpp 399]   network 'ab1' panels=300
2026-10-01T10:02:31.265602 info [AeroResult.cpp 399]   network 'ab2' panels=300
2026-10-01T10:02:31.265602 info [AeroResult.cpp 399]   network 'akl' panels=100
2026-10-01T10:02:31.265602 info [AeroResult.cpp 402] input config F&M sol=1 alpha=6 beta=0 CL=0.04388 CDi=0.00105 CY=0.15363 area=529.974
2026-10-01T10:02:31.265602 info [AeroResult.cpp 402] full config F&M sol=1 alpha=6 beta=0 CL=0.08776 CDi=0.0021 CY=0 area=1059.95
2026-10-01T10:02:31.265602 info [main.cpp 102] Exporting panel/off-body point cloud to ParaView
2026-10-01T10:02:31.265602 info [AeroResult.cpp 438] Writing result VTU (point cloud): c:\dev\A502\bin-test\btac_result.vtu
2026-10-01T10:02:31.271028 info [AeroResult.cpp 532] Result VTU written: c:\dev\A502\bin-test\btac_result.vtu (700 cells)
2026-10-01T10:02:31.271028 info [main.cpp 106] Done
2026-10-01T10:02:31.337888 info [main.cpp 86] Reading A502 result: C:\dev\A502\samples\ellip.out
2026-10-01T10:02:31.338895 info [AeroResult.cpp 131] Parsing A502 result file: C:\dev\A502\samples\ellip.out
2026-10-01T10:02:31.352028 info [AeroResult.cpp 384] Parsed solutions=1 panels=420 off-body=200 F&M summaries=2
2026-10-01T10:02:31.352028 info [AeroResult.cpp 391] solutions: 1
2026-10-01T10:02:31.352028 info [AeroResult.cpp 392] panel results: 420
2026-10-01T10:02:31.352028 info [AeroResult.cpp 393] off-body points: 200
2026-10-01T10:02:31.352028 info [AeroResult.cpp 399]   network 'winglo' panels=200
2026-10-01T10:02:31.352776 info [AeroResult.cpp 399]   network 'wingup' panels=200
2026-10-01T10:02:31.352776 info [AeroResult.cpp 399]   network 'wingtip' panels=20
2026-10-01T10:02:31.352776 info [AeroResult.cpp 402] input config F&M sol=1 alpha=6 beta=0 CL=1.09233 CDi=0.02844 CY=0.01574 area=4.3857
2026-10-01T10:02:31.352776 info [AeroResult.cpp 402] full config F&M sol=1 alpha=6 beta=0 CL=2.18466 CDi=0.05688 CY=0 area=8.7714
2026-10-01T10:02:31.352776 info [main.cpp 102] Exporting panel/off-body point cloud to ParaView
2026-10-01T10:02:31.352776 info [AeroResult.cpp 438] Writing result VTU (point cloud): c:\dev\A502\bin-test\ellip_result.vtu
2026-10-01T10:02:31.357187 info [AeroResult.cpp 532] Result VTU written: c:\dev\A502\bin-test\ellip_result.vtu (620 cells)
2026-10-01T10:02:31.357699 info [main.cpp 106] Done
2026-10-01T10:02:31.370069 info [main.cpp 86] Reading A502 result: C:\dev\A502\samples\nac6.out
2026-10-01T10:02:31.370069 info [AeroResult.cpp 131] Parsing A502 result file: C:\dev\A502\samples\nac6.out
2026-10-01T10:02:31.380268 info [AeroResult.cpp 384] Parsed solutions=2 panels=256 off-body=44 F&M summaries=2
2026-10-01T10:02:31.380268 info [AeroResult.cpp 391] solutions: 2
2026-10-01T10:02:31.380268 info [AeroResult.cpp 392] panel results: 256
2026-10-01T10:02:31.380268 info [AeroResult.cpp 393] off-body points: 44
2026-10-01T10:02:31.380268 info [AeroResult.cpp 399]   network 'inlet' panels=24
2026-10-01T10:02:31.380268 info [AeroResult.cpp 399]   network 'cowlu' panels=152
2026-10-01T10:02:31.380268 info [AeroResult.cpp 399]   network 'base' panels=24
2026-10-01T10:02:31.380268 info [AeroResult.cpp 399]   network 'cowll' panels=16
2026-10-01T10:02:31.380268 info [AeroResult.cpp 399]   network 'plume' panels=40
2026-10-01T10:02:31.380268 info [AeroResult.cpp 402] input config F&M sol=1 alpha=0 beta=0 CL=-0.00034 CDi=-0.04277 CY=0.99218 area=83.8375
2026-10-01T10:02:31.380268 info [AeroResult.cpp 402] full config F&M sol=1 alpha=0 beta=0 CL=-0.00067 CDi=-0.08554 CY=0 area=167.675
2026-10-01T10:02:31.380268 info [main.cpp 102] Exporting panel/off-body point cloud to ParaView
2026-10-01T10:02:31.381268 info [AeroResult.cpp 438] Writing result VTU (point cloud): c:\dev\A502\bin-test\nac6_result.vtu
2026-10-01T10:02:31.383268 info [AeroResult.cpp 532] Result VTU written: c:\dev\A502\bin-test\nac6_result.vtu (300 cells)
2026-10-01T10:02:31.383268 info [main.cpp 106] Done
2026-10-01T10:02:31.398472 info [main.cpp 86] Reading A502 result: C:\dev\A502\samples\ppbc.out
2026-10-01T10:02:31.399479 info [AeroResult.cpp 131] Parsing A502 result file: C:\dev\A502\samples\ppbc.out
2026-10-01T10:02:31.402478 info [AeroResult.cpp 384] Parsed solutions=2 panels=36 off-body=0 F&M summaries=0
2026-10-01T10:02:31.402478 info [AeroResult.cpp 391] solutions: 2
2026-10-01T10:02:31.402478 info [AeroResult.cpp 392] panel results: 36
2026-10-01T10:02:31.402478 info [AeroResult.cpp 393] off-body points: 0
2026-10-01T10:02:31.402478 info [AeroResult.cpp 399]   network 'kt5' panels=18
2026-10-01T10:02:31.402478 info [AeroResult.cpp 399]   network 'kt21' panels=18
2026-10-01T10:02:31.402478 info [main.cpp 102] Exporting panel/off-body point cloud to ParaView
2026-10-01T10:02:31.402478 info [AeroResult.cpp 438] Writing result VTU (point cloud): c:\dev\A502\bin-test\ppbc_result.vtu
2026-10-01T10:02:31.404478 info [AeroResult.cpp 532] Result VTU written: c:\dev\A502\bin-test\ppbc_result.vtu (36 cells)
2026-10-01T10:02:31.404478 info [main.cpp 106] Done
2026-10-01T10:02:31.418747 info [main.cpp 86] Reading A502 result: C:\dev\A502\samples\swb.out
2026-10-01T10:02:31.418747 info [AeroResult.cpp 131] Parsing A502 result file: C:\dev\A502\samples\swb.out
2026-10-01T10:02:31.426722 info [AeroResult.cpp 384] Parsed solutions=1 panels=69 off-body=19 F&M summaries=2
2026-10-01T10:02:31.426722 info [AeroResult.cpp 391] solutions: 1
2026-10-01T10:02:31.426722 info [AeroResult.cpp 392] panel results: 69
2026-10-01T10:02:31.426722 info [AeroResult.cpp 393] off-body points: 19
2026-10-01T10:02:31.426722 info [AeroResult.cpp 399]   network 'wingta' panels=5
2026-10-01T10:02:31.426722 info [AeroResult.cpp 399]   network 'winga' panels=20
2026-10-01T10:02:31.426722 info [AeroResult.cpp 399]   network 'bodyl' panels=20
2026-10-01T10:02:31.426722 info [AeroResult.cpp 399]   network 'bodyu' panels=20
2026-10-01T10:02:31.426722 info [AeroResult.cpp 399]   network 'bodyb' panels=4
2026-10-01T10:02:31.426722 info [AeroResult.cpp 402] input config F&M sol=1 alpha=4 beta=0 CL=0.0814 CDi=0.00341 CY=0.07004 area=3953.75
2026-10-01T10:02:31.426722 info [AeroResult.cpp 402] full config F&M sol=1 alpha=4 beta=0 CL=0.1628 CDi=0.00682 CY=0 area=7907.5
2026-10-01T10:02:31.426722 info [main.cpp 102] Exporting panel/off-body point cloud to ParaView
2026-10-01T10:02:31.426722 info [AeroResult.cpp 438] Writing result VTU (point cloud): c:\dev\A502\bin-test\swb_result.vtu
2026-10-01T10:02:31.428745 info [AeroResult.cpp 532] Result VTU written: c:\dev\A502\bin-test\swb_result.vtu (88 cells)
2026-10-01T10:02:31.428745 info [main.cpp 106] Done
2026-10-01T10:02:31.443754 info [main.cpp 86] Reading A502 result: C:\dev\A502\samples\vbc.out
2026-10-01T10:02:31.444304 info [AeroResult.cpp 131] Parsing A502 result file: C:\dev\A502\samples\vbc.out
2026-10-01T10:02:31.453606 info [AeroResult.cpp 384] Parsed solutions=2 panels=108 off-body=0 F&M summaries=0
2026-10-01T10:02:31.453606 info [AeroResult.cpp 391] solutions: 2
2026-10-01T10:02:31.453606 info [AeroResult.cpp 392] panel results: 108
2026-10-01T10:02:31.453606 info [AeroResult.cpp 393] off-body points: 0
2026-10-01T10:02:31.453606 info [AeroResult.cpp 399]   network 'kt12a' panels=18
2026-10-01T10:02:31.453606 info [AeroResult.cpp 399]   network 'kt11' panels=18
2026-10-01T10:02:31.453606 info [AeroResult.cpp 399]   network 'kt15' panels=18
2026-10-01T10:02:31.453606 info [AeroResult.cpp 399]   network 'kt17' panels=18
2026-10-01T10:02:31.453606 info [AeroResult.cpp 399]   network 'kt12b' panels=18
2026-10-01T10:02:31.453606 info [AeroResult.cpp 399]   network 'kt14' panels=18
2026-10-01T10:02:31.453606 info [main.cpp 102] Exporting panel/off-body point cloud to ParaView
2026-10-01T10:02:31.453606 info [AeroResult.cpp 438] Writing result VTU (point cloud): c:\dev\A502\bin-test\vbc_result.vtu
2026-10-01T10:02:31.455846 info [AeroResult.cpp 532] Result VTU written: c:\dev\A502\bin-test\vbc_result.vtu (108 cells)
2026-10-01T10:02:31.456866 info [main.cpp 106] Done
2026-10-01T10:02:31.471876 info [main.cpp 86] Reading A502 result: C:\dev\A502\samples\vepd.out
2026-10-01T10:02:31.472876 info [AeroResult.cpp 131] Parsing A502 result file: C:\dev\A502\samples\vepd.out
2026-10-01T10:02:31.481880 info [AeroResult.cpp 384] Parsed solutions=2 panels=144 off-body=0 F&M summaries=0
2026-10-01T10:02:31.481880 info [AeroResult.cpp 391] solutions: 2
2026-10-01T10:02:31.481880 info [AeroResult.cpp 392] panel results: 144
2026-10-01T10:02:31.481880 info [AeroResult.cpp 393] off-body points: 0
2026-10-01T10:02:31.481880 info [AeroResult.cpp 399]   network 'kt12a' panels=18
2026-10-01T10:02:31.481880 info [AeroResult.cpp 399]   network 'kt11' panels=18
2026-10-01T10:02:31.481880 info [AeroResult.cpp 399]   network 'kt15' panels=18
2026-10-01T10:02:31.481880 info [AeroResult.cpp 399]   network 'kt17' panels=18
2026-10-01T10:02:31.481880 info [AeroResult.cpp 399]   network 'kt12b' panels=18
2026-10-01T10:02:31.481880 info [AeroResult.cpp 399]   network 'kt14' panels=18
2026-10-01T10:02:31.481880 info [AeroResult.cpp 399]   network 'kt5' panels=18
2026-10-01T10:02:31.481880 info [AeroResult.cpp 399]   network 'kt21' panels=18
2026-10-01T10:02:31.481880 info [main.cpp 102] Exporting panel/off-body point cloud to ParaView
2026-10-01T10:02:31.481880 info [AeroResult.cpp 438] Writing result VTU (point cloud): c:\dev\A502\bin-test\vepd_result.vtu
2026-10-01T10:02:31.483878 info [AeroResult.cpp 532] Result VTU written: c:\dev\A502\bin-test\vepd_result.vtu (144 cells)
2026-10-01T10:02:31.483878 info [main.cpp 106] Done
2026-10-01T10:02:31.500553 info [main.cpp 86] Reading A502 result: C:\dev\A502\samples\vss.out
2026-10-01T10:02:31.501552 info [AeroResult.cpp 131] Parsing A502 result file: C:\dev\A502\samples\vss.out
2026-10-01T10:02:31.511552 info [AeroResult.cpp 384] Parsed solutions=2 panels=162 off-body=0 F&M summaries=0
2026-10-01T10:02:31.511552 info [AeroResult.cpp 391] solutions: 2
2026-10-01T10:02:31.511552 info [AeroResult.cpp 392] panel results: 162
2026-10-01T10:02:31.511552 info [AeroResult.cpp 393] off-body points: 0
2026-10-01T10:02:31.511552 info [AeroResult.cpp 399]   network 'kt12a' panels=18
2026-10-01T10:02:31.511552 info [AeroResult.cpp 399]   network 'kt11' panels=18
2026-10-01T10:02:31.511552 info [AeroResult.cpp 399]   network 'kt15' panels=18
2026-10-01T10:02:31.511552 info [AeroResult.cpp 399]   network 'kt17' panels=18
2026-10-01T10:02:31.511552 info [AeroResult.cpp 399]   network 'kt12b' panels=18
2026-10-01T10:02:31.511552 info [AeroResult.cpp 399]   network 'kt13' panels=18
2026-10-01T10:02:31.511552 info [AeroResult.cpp 399]   network 'kt14' panels=18
2026-10-01T10:02:31.511552 info [AeroResult.cpp 399]   network 'kt5' panels=18
2026-10-01T10:02:31.511552 info [AeroResult.cpp 399]   network 'kt21' panels=18
2026-10-01T10:02:31.511552 info [main.cpp 102] Exporting panel/off-body point cloud to ParaView
2026-10-01T10:02:31.511552 info [AeroResult.cpp 438] Writing result VTU (point cloud): c:\dev\A502\bin-test\vss_result.vtu
2026-10-01T10:02:31.514552 info [AeroResult.cpp 532] Result VTU written: c:\dev\A502\bin-test\vss_result.vtu (162 cells)
2026-10-01T10:02:31.514552 info [main.cpp 106] Done
2026-10-01T10:02:31.531592 info [main.cpp 86] Reading A502 result: c:\dev\A502\samples\swb.out
2026-10-01T10:02:31.532587 info [AeroResult.cpp 131] Parsing A502 result file: c:\dev\A502\samples\swb.out
2026-10-01T10:02:31.542999 info [AeroResult.cpp 384] Parsed solutions=1 panels=69 off-body=19 F&M summaries=2
2026-10-01T10:02:31.542999 info [AeroResult.cpp 391] solutions: 1
2026-10-01T10:02:31.543970 info [AeroResult.cpp 392] panel results: 69
2026-10-01T10:02:31.543970 info [AeroResult.cpp 393] off-body points: 19
2026-10-01T10:02:31.543970 info [AeroResult.cpp 399]   network 'wingta' panels=5
2026-10-01T10:02:31.543970 info [AeroResult.cpp 399]   network 'winga' panels=20
2026-10-01T10:02:31.543970 info [AeroResult.cpp 399]   network 'bodyl' panels=20
2026-10-01T10:02:31.543970 info [AeroResult.cpp 399]   network 'bodyu' panels=20
2026-10-01T10:02:31.543970 info [AeroResult.cpp 399]   network 'bodyb' panels=4
2026-10-01T10:02:31.543970 info [AeroResult.cpp 402] input config F&M sol=1 alpha=4 beta=0 CL=0.0814 CDi=0.00341 CY=0.07004 area=3953.75
2026-10-01T10:02:31.543970 info [AeroResult.cpp 402] full config F&M sol=1 alpha=4 beta=0 CL=0.1628 CDi=0.00682 CY=0 area=7907.5
2026-10-01T10:02:31.543970 info [main.cpp 97] Loading companion mesh: c:\dev\A502\samples\swb.inp
2026-10-01T10:02:31.543970 info [AeroModel.cpp 175] Parsing A502 input deck: c:\dev\A502\samples\swb.inp
2026-10-01T10:02:31.544999 info [AeroModel.cpp 301] Parsed 21 sections, 6 networks (mach=0.6, nacase=1)
2026-10-01T10:02:31.544999 info [AeroResult.cpp 544] Writing result VTU (mesh + Cp): c:\dev\A502\bin-test\swb_result_mesh.vtu
2026-10-01T10:02:31.544999 warning [AeroResult.cpp 656] Mesh overlay: mapped=20 missing Cp for 52 quads
2026-10-01T10:02:31.545969 info [AeroResult.cpp 679] Result mesh VTU written: c:\dev\A502\bin-test\swb_result_mesh.vtu (72 cells)
2026-10-01T10:02:31.546969 info [main.cpp 106] Done
2026-10-01T10:03:27.059064 info [main.cpp 86] Reading A502 result: c:\dev\A502\samples\swb.out
2026-10-01T10:03:27.060045 info [AeroResult.cpp 131] Parsing A502 result file: c:\dev\A502\samples\swb.out
2026-10-01T10:03:27.071334 info [AeroResult.cpp 384] Parsed solutions=1 panels=69 off-body=19 F&M summaries=2
2026-10-01T10:03:27.071334 info [AeroResult.cpp 391] solutions: 1
2026-10-01T10:03:27.071334 info [AeroResult.cpp 392] panel results: 69
2026-10-01T10:03:27.071334 info [AeroResult.cpp 393] off-body points: 19
2026-10-01T10:03:27.071334 info [AeroResult.cpp 399]   network 'wingta' panels=5
2026-10-01T10:03:27.071334 info [AeroResult.cpp 399]   network 'winga' panels=20
2026-10-01T10:03:27.071334 info [AeroResult.cpp 399]   network 'bodyl' panels=20
2026-10-01T10:03:27.071334 info [AeroResult.cpp 399]   network 'bodyu' panels=20
2026-10-01T10:03:27.071334 info [AeroResult.cpp 399]   network 'bodyb' panels=4
2026-10-01T10:03:27.071334 info [AeroResult.cpp 402] input config F&M sol=1 alpha=4 beta=0 CL=0.0814 CDi=0.00341 CY=0.07004 area=3953.75
2026-10-01T10:03:27.071334 info [AeroResult.cpp 402] full config F&M sol=1 alpha=4 beta=0 CL=0.1628 CDi=0.00682 CY=0 area=7907.5
2026-10-01T10:03:27.071334 info [main.cpp 97] Loading companion mesh: c:\dev\A502\samples\swb.inp
2026-10-01T10:03:27.071334 info [AeroModel.cpp 175] Parsing A502 input deck: c:\dev\A502\samples\swb.inp
2026-10-01T10:03:27.072332 info [AeroModel.cpp 301] Parsed 21 sections, 6 networks (mach=0.6, nacase=1)
2026-10-01T10:03:27.072332 info [AeroResult.cpp 544] Writing result VTU (mesh + Cp): c:\dev\A502\bin-test\swb_result_mesh.vtu
2026-10-01T10:03:27.072332 warning [AeroResult.cpp 660] Mesh overlay: mapped=69 missing Cp for 3 quads
2026-10-01T10:03:27.074336 info [AeroResult.cpp 683] Result mesh VTU written: c:\dev\A502\bin-test\swb_result_mesh.vtu (72 cells)
2026-10-01T10:03:27.074336 info [main.cpp 106] Done
2026-10-01T10:05:41.426185 info [main.cpp 86] Reading A502 result: C:\dev\A502\samples\btac.out
2026-10-01T10:05:41.427184 info [AeroResult.cpp 131] Parsing A502 result file: C:\dev\A502\samples\btac.out
2026-10-01T10:05:41.464944 info [AeroResult.cpp 384] Parsed solutions=1 panels=700 off-body=0 F&M summaries=2
2026-10-01T10:05:41.464944 info [AeroResult.cpp 391] solutions: 1
2026-10-01T10:05:41.464944 info [AeroResult.cpp 392] panel results: 700
2026-10-01T10:05:41.464944 info [AeroResult.cpp 393] off-body points: 0
2026-10-01T10:05:41.464944 info [AeroResult.cpp 399]   network 'ab1' panels=300
2026-10-01T10:05:41.464944 info [AeroResult.cpp 399]   network 'ab2' panels=300
2026-10-01T10:05:41.464944 info [AeroResult.cpp 399]   network 'akl' panels=100
2026-10-01T10:05:41.464944 info [AeroResult.cpp 402] input config F&M sol=1 alpha=6 beta=0 CL=0.04388 CDi=0.00105 CY=0.15363 area=529.974
2026-10-01T10:05:41.464944 info [AeroResult.cpp 402] full config F&M sol=1 alpha=6 beta=0 CL=0.08776 CDi=0.0021 CY=0 area=1059.95
2026-10-01T10:05:41.464944 info [main.cpp 97] Loading companion mesh: c:\dev\A502\samples\btac.inp
2026-10-01T10:05:41.464944 info [AeroModel.cpp 175] Parsing A502 input deck: c:\dev\A502\samples\btac.inp
2026-10-01T10:05:41.468198 info [AeroModel.cpp 301] Parsed 17 sections, 4 networks (mach=0, nacase=1)
2026-10-01T10:05:41.468198 info [AeroResult.cpp 544] Writing result VTU (mesh + Cp): c:\dev\A502\bin-test\btac_result_mesh.vtu
2026-10-01T10:05:41.469203 warning [AeroResult.cpp 660] Mesh overlay: mapped=700 missing Cp for 400 quads
2026-10-01T10:05:41.475865 info [AeroResult.cpp 683] Result mesh VTU written: c:\dev\A502\bin-test\btac_result_mesh.vtu (1100 cells)
2026-10-01T10:05:41.476000 info [main.cpp 106] Done
2026-10-01T10:05:41.493159 info [main.cpp 86] Reading A502 result: C:\dev\A502\samples\ellip.out
2026-10-01T10:05:41.494158 info [AeroResult.cpp 131] Parsing A502 result file: C:\dev\A502\samples\ellip.out
2026-10-01T10:05:41.505628 info [AeroResult.cpp 384] Parsed solutions=1 panels=420 off-body=200 F&M summaries=2
2026-10-01T10:05:41.505628 info [AeroResult.cpp 391] solutions: 1
2026-10-01T10:05:41.505628 info [AeroResult.cpp 392] panel results: 420
2026-10-01T10:05:41.505628 info [AeroResult.cpp 393] off-body points: 200
2026-10-01T10:05:41.505628 info [AeroResult.cpp 399]   network 'winglo' panels=200
2026-10-01T10:05:41.505628 info [AeroResult.cpp 399]   network 'wingup' panels=200
2026-10-01T10:05:41.505628 info [AeroResult.cpp 399]   network 'wingtip' panels=20
2026-10-01T10:05:41.505628 info [AeroResult.cpp 402] input config F&M sol=1 alpha=6 beta=0 CL=1.09233 CDi=0.02844 CY=0.01574 area=4.3857
2026-10-01T10:05:41.505628 info [AeroResult.cpp 402] full config F&M sol=1 alpha=6 beta=0 CL=2.18466 CDi=0.05688 CY=0 area=8.7714
2026-10-01T10:05:41.505628 info [main.cpp 97] Loading companion mesh: c:\dev\A502\samples\ellip.inp
2026-10-01T10:05:41.505628 info [AeroModel.cpp 175] Parsing A502 input deck: c:\dev\A502\samples\ellip.inp
2026-10-01T10:05:41.508658 info [AeroModel.cpp 301] Parsed 21 sections, 5 networks (mach=0.01, nacase=1)
2026-10-01T10:05:41.508658 info [AeroResult.cpp 544] Writing result VTU (mesh + Cp): c:\dev\A502\bin-test\ellip_result_mesh.vtu
2026-10-01T10:05:41.508658 warning [AeroResult.cpp 660] Mesh overlay: mapped=420 missing Cp for 100 quads
2026-10-01T10:05:41.511658 info [AeroResult.cpp 683] Result mesh VTU written: c:\dev\A502\bin-test\ellip_result_mesh.vtu (520 cells)
2026-10-01T10:05:41.511658 info [main.cpp 106] Done
2026-10-01T10:05:41.524836 info [main.cpp 86] Reading A502 result: C:\dev\A502\samples\nac6.out
2026-10-01T10:05:41.524836 info [AeroResult.cpp 131] Parsing A502 result file: C:\dev\A502\samples\nac6.out
2026-10-01T10:05:41.537244 info [AeroResult.cpp 384] Parsed solutions=2 panels=256 off-body=44 F&M summaries=2
2026-10-01T10:05:41.537244 info [AeroResult.cpp 391] solutions: 2
2026-10-01T10:05:41.537244 info [AeroResult.cpp 392] panel results: 256
2026-10-01T10:05:41.537244 info [AeroResult.cpp 393] off-body points: 44
2026-10-01T10:05:41.537244 info [AeroResult.cpp 399]   network 'inlet' panels=24
2026-10-01T10:05:41.537244 info [AeroResult.cpp 399]   network 'cowlu' panels=152
2026-10-01T10:05:41.537244 info [AeroResult.cpp 399]   network 'base' panels=24
2026-10-01T10:05:41.537244 info [AeroResult.cpp 399]   network 'cowll' panels=16
2026-10-01T10:05:41.537244 info [AeroResult.cpp 399]   network 'plume' panels=40
2026-10-01T10:05:41.537244 info [AeroResult.cpp 402] input config F&M sol=1 alpha=0 beta=0 CL=-0.00034 CDi=-0.04277 CY=0.99218 area=83.8375
2026-10-01T10:05:41.537244 info [AeroResult.cpp 402] full config F&M sol=1 alpha=0 beta=0 CL=-0.00067 CDi=-0.08554 CY=0 area=167.675
2026-10-01T10:05:41.537244 info [main.cpp 97] Loading companion mesh: c:\dev\A502\samples\nac6.inp
2026-10-01T10:05:41.537244 info [AeroModel.cpp 175] Parsing A502 input deck: c:\dev\A502\samples\nac6.inp
2026-10-01T10:05:41.538241 info [AeroModel.cpp 301] Parsed 19 sections, 0 networks (mach=0.6, nacase=2)
2026-10-01T10:05:41.538241 info [AeroResult.cpp 544] Writing result VTU (mesh + Cp): c:\dev\A502\bin-test\nac6_result_mesh.vtu
2026-10-01T10:05:41.538241 warning [AeroResult.cpp 546] Mesh has no networks; falling back to point cloud
2026-10-01T10:05:41.538241 info [AeroResult.cpp 438] Writing result VTU (point cloud): c:\dev\A502\bin-test\nac6_result_mesh.vtu
2026-10-01T10:05:41.541239 info [AeroResult.cpp 532] Result VTU written: c:\dev\A502\bin-test\nac6_result_mesh.vtu (300 cells)
2026-10-01T10:05:41.541239 info [main.cpp 106] Done
2026-10-01T10:05:41.550763 info [main.cpp 86] Reading A502 result: C:\dev\A502\samples\ppbc.out
2026-10-01T10:05:41.551300 info [AeroResult.cpp 131] Parsing A502 result file: C:\dev\A502\samples\ppbc.out
2026-10-01T10:05:41.555001 info [AeroResult.cpp 384] Parsed solutions=2 panels=36 off-body=0 F&M summaries=0
2026-10-01T10:05:41.555001 info [AeroResult.cpp 391] solutions: 2
2026-10-01T10:05:41.555001 info [AeroResult.cpp 392] panel results: 36
2026-10-01T10:05:41.555001 info [AeroResult.cpp 393] off-body points: 0
2026-10-01T10:05:41.555001 info [AeroResult.cpp 399]   network 'kt5' panels=18
2026-10-01T10:05:41.555001 info [AeroResult.cpp 399]   network 'kt21' panels=18
2026-10-01T10:05:41.555001 info [main.cpp 97] Loading companion mesh: c:\dev\A502\samples\ppbc.inp
2026-10-01T10:05:41.556001 info [AeroModel.cpp 175] Parsing A502 input deck: c:\dev\A502\samples\ppbc.inp
2026-10-01T10:05:41.556206 info [AeroModel.cpp 301] Parsed 11 sections, 2 networks (mach=0.6, nacase=2)
2026-10-01T10:05:41.556206 info [AeroResult.cpp 544] Writing result VTU (mesh + Cp): c:\dev\A502\bin-test\ppbc_result_mesh.vtu
2026-10-01T10:05:41.557207 info [AeroResult.cpp 683] Result mesh VTU written: c:\dev\A502\bin-test\ppbc_result_mesh.vtu (18 cells)
2026-10-01T10:05:41.557207 info [main.cpp 106] Done
2026-10-01T10:05:41.568351 info [main.cpp 86] Reading A502 result: C:\dev\A502\samples\swb.out
2026-10-01T10:05:41.568351 info [AeroResult.cpp 131] Parsing A502 result file: C:\dev\A502\samples\swb.out
2026-10-01T10:05:41.579534 info [AeroResult.cpp 384] Parsed solutions=1 panels=69 off-body=19 F&M summaries=2
2026-10-01T10:05:41.579534 info [AeroResult.cpp 391] solutions: 1
2026-10-01T10:05:41.579534 info [AeroResult.cpp 392] panel results: 69
2026-10-01T10:05:41.579534 info [AeroResult.cpp 393] off-body points: 19
2026-10-01T10:05:41.579534 info [AeroResult.cpp 399]   network 'wingta' panels=5
2026-10-01T10:05:41.579534 info [AeroResult.cpp 399]   network 'winga' panels=20
2026-10-01T10:05:41.579534 info [AeroResult.cpp 399]   network 'bodyl' panels=20
2026-10-01T10:05:41.579534 info [AeroResult.cpp 399]   network 'bodyu' panels=20
2026-10-01T10:05:41.579534 info [AeroResult.cpp 399]   network 'bodyb' panels=4
2026-10-01T10:05:41.579534 info [AeroResult.cpp 402] input config F&M sol=1 alpha=4 beta=0 CL=0.0814 CDi=0.00341 CY=0.07004 area=3953.75
2026-10-01T10:05:41.579534 info [AeroResult.cpp 402] full config F&M sol=1 alpha=4 beta=0 CL=0.1628 CDi=0.00682 CY=0 area=7907.5
2026-10-01T10:05:41.579534 info [main.cpp 97] Loading companion mesh: c:\dev\A502\samples\swb.inp
2026-10-01T10:05:41.579534 info [AeroModel.cpp 175] Parsing A502 input deck: c:\dev\A502\samples\swb.inp
2026-10-01T10:05:41.580631 info [AeroModel.cpp 301] Parsed 21 sections, 6 networks (mach=0.6, nacase=1)
2026-10-01T10:05:41.580631 info [AeroResult.cpp 544] Writing result VTU (mesh + Cp): c:\dev\A502\bin-test\swb_result_mesh.vtu
2026-10-01T10:05:41.581183 warning [AeroResult.cpp 660] Mesh overlay: mapped=69 missing Cp for 3 quads
2026-10-01T10:05:41.582277 info [AeroResult.cpp 683] Result mesh VTU written: c:\dev\A502\bin-test\swb_result_mesh.vtu (72 cells)
2026-10-01T10:05:41.582277 info [main.cpp 106] Done
2026-10-01T10:05:41.593021 info [main.cpp 86] Reading A502 result: C:\dev\A502\samples\vbc.out
2026-10-01T10:05:41.594051 info [AeroResult.cpp 131] Parsing A502 result file: C:\dev\A502\samples\vbc.out
2026-10-01T10:05:41.604929 info [AeroResult.cpp 384] Parsed solutions=2 panels=108 off-body=0 F&M summaries=0
2026-10-01T10:05:41.604929 info [AeroResult.cpp 391] solutions: 2
2026-10-01T10:05:41.604929 info [AeroResult.cpp 392] panel results: 108
2026-10-01T10:05:41.604929 info [AeroResult.cpp 393] off-body points: 0
2026-10-01T10:05:41.604929 info [AeroResult.cpp 399]   network 'kt12a' panels=18
2026-10-01T10:05:41.604929 info [AeroResult.cpp 399]   network 'kt11' panels=18
2026-10-01T10:05:41.604929 info [AeroResult.cpp 399]   network 'kt15' panels=18
2026-10-01T10:05:41.604929 info [AeroResult.cpp 399]   network 'kt17' panels=18
2026-10-01T10:05:41.604929 info [AeroResult.cpp 399]   network 'kt12b' panels=18
2026-10-01T10:05:41.604929 info [AeroResult.cpp 399]   network 'kt14' panels=18
2026-10-01T10:05:41.604929 info [main.cpp 97] Loading companion mesh: c:\dev\A502\samples\vbc.inp
2026-10-01T10:05:41.604929 info [AeroModel.cpp 175] Parsing A502 input deck: c:\dev\A502\samples\vbc.inp
2026-10-01T10:05:41.604929 info [AeroModel.cpp 301] Parsed 15 sections, 6 networks (mach=0.6, nacase=2)
2026-10-01T10:05:41.604929 info [AeroResult.cpp 544] Writing result VTU (mesh + Cp): c:\dev\A502\bin-test\vbc_result_mesh.vtu
2026-10-01T10:05:41.607071 info [AeroResult.cpp 683] Result mesh VTU written: c:\dev\A502\bin-test\vbc_result_mesh.vtu (54 cells)
2026-10-01T10:05:41.607071 info [main.cpp 106] Done
2026-10-01T10:05:41.617557 info [main.cpp 86] Reading A502 result: C:\dev\A502\samples\vepd.out
2026-10-01T10:05:41.618582 info [AeroResult.cpp 131] Parsing A502 result file: C:\dev\A502\samples\vepd.out
2026-10-01T10:05:41.627842 info [AeroResult.cpp 384] Parsed solutions=2 panels=144 off-body=0 F&M summaries=0
2026-10-01T10:05:41.627842 info [AeroResult.cpp 391] solutions: 2
2026-10-01T10:05:41.627842 info [AeroResult.cpp 392] panel results: 144
2026-10-01T10:05:41.627842 info [AeroResult.cpp 393] off-body points: 0
2026-10-01T10:05:41.627842 info [AeroResult.cpp 399]   network 'kt12a' panels=18
2026-10-01T10:05:41.627842 info [AeroResult.cpp 399]   network 'kt11' panels=18
2026-10-01T10:05:41.627842 info [AeroResult.cpp 399]   network 'kt15' panels=18
2026-10-01T10:05:41.627842 info [AeroResult.cpp 399]   network 'kt17' panels=18
2026-10-01T10:05:41.627842 info [AeroResult.cpp 399]   network 'kt12b' panels=18
2026-10-01T10:05:41.627842 info [AeroResult.cpp 399]   network 'kt14' panels=18
2026-10-01T10:05:41.627842 info [AeroResult.cpp 399]   network 'kt5' panels=18
2026-10-01T10:05:41.627842 info [AeroResult.cpp 399]   network 'kt21' panels=18
2026-10-01T10:05:41.627842 info [main.cpp 97] Loading companion mesh: c:\dev\A502\samples\vepd.inp
2026-10-01T10:05:41.627842 info [AeroModel.cpp 175] Parsing A502 input deck: c:\dev\A502\samples\vepd.inp
2026-10-01T10:05:41.628844 info [AeroModel.cpp 301] Parsed 19 sections, 8 networks (mach=0.6, nacase=2)
2026-10-01T10:05:41.628844 info [AeroResult.cpp 544] Writing result VTU (mesh + Cp): c:\dev\A502\bin-test\vepd_result_mesh.vtu
2026-10-01T10:05:41.630812 info [AeroResult.cpp 683] Result mesh VTU written: c:\dev\A502\bin-test\vepd_result_mesh.vtu (72 cells)
2026-10-01T10:05:41.630812 info [main.cpp 106] Done
2026-10-01T10:05:41.643014 info [main.cpp 86] Reading A502 result: C:\dev\A502\samples\vss.out
2026-10-01T10:05:41.643014 info [AeroResult.cpp 131] Parsing A502 result file: C:\dev\A502\samples\vss.out
2026-10-01T10:05:41.654242 info [AeroResult.cpp 384] Parsed solutions=2 panels=162 off-body=0 F&M summaries=0
2026-10-01T10:05:41.654242 info [AeroResult.cpp 391] solutions: 2
2026-10-01T10:05:41.654242 info [AeroResult.cpp 392] panel results: 162
2026-10-01T10:05:41.654242 info [AeroResult.cpp 393] off-body points: 0
2026-10-01T10:05:41.654242 info [AeroResult.cpp 399]   network 'kt12a' panels=18
2026-10-01T10:05:41.654242 info [AeroResult.cpp 399]   network 'kt11' panels=18
2026-10-01T10:05:41.654242 info [AeroResult.cpp 399]   network 'kt15' panels=18
2026-10-01T10:05:41.654242 info [AeroResult.cpp 399]   network 'kt17' panels=18
2026-10-01T10:05:41.654242 info [AeroResult.cpp 399]   network 'kt12b' panels=18
2026-10-01T10:05:41.654242 info [AeroResult.cpp 399]   network 'kt13' panels=18
2026-10-01T10:05:41.654242 info [AeroResult.cpp 399]   network 'kt14' panels=18
2026-10-01T10:05:41.654242 info [AeroResult.cpp 399]   network 'kt5' panels=18
2026-10-01T10:05:41.654242 info [AeroResult.cpp 399]   network 'kt21' panels=18
2026-10-01T10:05:41.654242 info [main.cpp 97] Loading companion mesh: c:\dev\A502\samples\vss.inp
2026-10-01T10:05:41.654242 info [AeroModel.cpp 175] Parsing A502 input deck: c:\dev\A502\samples\vss.inp
2026-10-01T10:05:41.655493 info [AeroModel.cpp 301] Parsed 20 sections, 9 networks (mach=1.2, nacase=2)
2026-10-01T10:05:41.655493 info [AeroResult.cpp 544] Writing result VTU (mesh + Cp): c:\dev\A502\bin-test\vss_result_mesh.vtu
2026-10-01T10:05:41.657494 info [AeroResult.cpp 683] Result mesh VTU written: c:\dev\A502\bin-test\vss_result_mesh.vtu (81 cells)
2026-10-01T10:05:41.657494 info [main.cpp 106] Done
